Processing 964 records with 4 workers; existing publications are reused.
{"key": "ATJF9RBQ", "title": "Emerging technologies empowering the biosynthesis of paclitaxel", "time": "2026-10-07 01:58:08", "status": "already-published-this-run", "note": "C:\\Software\\Data\\05-Obsidian\\SynBioPath\\生物合成\\01. 萜类\\2026 Synth. Biol. Eng. 新兴技术推动紫杉醇生物合成研究.md"}
MuPDF error: format error: No common ancestor in structure tree

MuPDF error: format error: No common ancestor in structure tree

MuPDF error: format error: No common ancestor in structure tree

MuPDF error: format error: No common ancestor in structure tree

MuPDF error: format error: No common ancestor in structure tree

{"key": "7SWNKWRB", "title": "Importation of taxadiene synthase into chloroplast improves taxadiene production in tobacco", "time": "2026-10-07 01:58:08", "status": "already-published-this-run", "note": "C:\\Software\\Data\\05-Obsidian\\SynBioPath\\细胞工厂\\80. 植物异源表达与生产体系\\2021 Planta 紫杉二烯合酶的叶绿体导入提升紫杉二烯产量.md"}
{"key": "FL5XLHRR", "title": "Novel antibacterial metabolites produced by the marine-derived fungus <i>talaromyces</i> sp. ZZ939", "time": "2026-10-07 01:58:11", "status": "already-published-this-run", "note": "C:\\Software\\Data\\05-Obsidian\\SynBioPath\\99. 跨学科文献与待分类\\2026 Tetrahedron 海洋真菌 Talaromyces sp. ZZ939 新抗菌代谢产物.md"}
MuPDF error: format error: No common ancestor in structure tree

MuPDF error: format error: No common ancestor in structure tree

MuPDF error: format error: No common ancestor in structure tree

MuPDF error: format error: No common ancestor in structure tree

MuPDF error: format error: No common ancestor in structure tree

MuPDF error: format error: No common ancestor in structure tree

MuPDF error: format error: No common ancestor in structure tree

MuPDF error: format error: No common ancestor in structure tree

MuPDF error: format error: No common ancestor in structure tree

MuPDF error: format error: No common ancestor in structure tree

MuPDF error: format error: No common ancestor in structure tree

{"key": "NQ6LAGP6", "title": "Tinosagitines a and B, two modified clerodane diterpenoids from the rhizomes of <i>tinospora sagittata</i>", "time": "2026-10-07 01:58:08", "status": "blocked", "stage": "picgo-and-publication", "error": "('Connection aborted.', ConnectionResetError(10054, '远程主机强迫关闭了一个现有的连接。', None, 10054, None))"}
{"key": "76RMETDI", "title": "Sesquiterpenes from <i>schisandra chinensis</i>: Structural characterization and revision", "time": "2026-10-07 02:00:33", "status": "already-published-this-run", "note": "C:\\Software\\Data\\05-Obsidian\\SynBioPath\\00. 文献笔记待归类\\2026-10 全库解读\\2026 Tetrahedron 五味子倍半萜的结构表征与修订.md"}
MuPDF error: format error: No common ancestor in structure tree

MuPDF error: format error: No common ancestor in structure tree

MuPDF error: format error: No common ancestor in structure tree

MuPDF error: format error: No common ancestor in structure tree

MuPDF error: format error: No common ancestor in structure tree

MuPDF error: format error: No common ancestor in structure tree

MuPDF error: format error: No common ancestor in structure tree

MuPDF error: format error: No common ancestor in structure tree

MuPDF error: format error: No common ancestor in structure tree

MuPDF error: format error: No common ancestor in structure tree

MuPDF error: format error: No common ancestor in structure tree

MuPDF error: format error: No common ancestor in structure tree

MuPDF error: format error: No common ancestor in structure tree

{"key": "8RJS3KGA", "title": "Recent advances in taxus molecular research: Applications in genetic diversity, gene function and metabolic engineering", "time": "2026-10-07 01:58:08", "status": "published-model-crosschecked", "note": "C:\\Software\\Data\\05-Obsidian\\SynBioPath\\00. 文献笔记待归类\\2026-10 全库解读\\2026 Front. Plant Sci. 红豆杉组学研究综述.md", "figures": 6, "images": 8, "paper_type": "review"}
{"key": "UPR25RP4", "title": "Characterization of two diterpene synthases from <i>chitinophaga</i> species", "time": "2026-10-07 02:02:18", "status": "already-published-this-run", "note": "C:\\Software\\Data\\05-Obsidian\\SynBioPath\\00. 文献笔记待归类\\2026-10 全库解读\\2026 Tetrahedron Chitinophaga 二萜合酶 GTC2 与 E2E2 的功能表征.md"}
{"key": "E3IWN82H", "title": "Piericidin derivatives from the marine-derived <i>streptomyces</i> sp. DH-012 and their antimicrobial activity", "time": "2026-10-07 02:00:33", "status": "published-model-crosschecked", "note": "C:\\Software\\Data\\05-Obsidian\\SynBioPath\\00. 文献笔记待归类\\2026-10 全库解读\\2026 Tetrahedron 海洋链霉菌 DH-012 的杀粉蝶菌素衍生物及其抗菌活性.md", "figures": 13, "images": 13, "paper_type": "research"}
{"key": "U3UACRTX", "title": "Systematic engineering to enhance 3-carene production in yeast", "time": "2026-10-07 02:03:00", "status": "already-published-this-run", "note": "C:\\Software\\Data\\05-Obsidian\\SynBioPath\\00. 文献笔记待归类\\2026-10 全库解读\\2026 Eng. Microbiol. 系统工程改造酿酒酵母提升 3-蒈烯产量.md"}
MuPDF error: format error: No common ancestor in structure tree

MuPDF error: format error: No common ancestor in structure tree

MuPDF error: format error: No common ancestor in structure tree

MuPDF error: format error: No common ancestor in structure tree

MuPDF error: format error: No common ancestor in structure tree

MuPDF error: format error: No common ancestor in structure tree

MuPDF error: format error: No common ancestor in structure tree

MuPDF error: format error: No common ancestor in structure tree

MuPDF error: format error: No common ancestor in structure tree

MuPDF error: format error: No common ancestor in structure tree

MuPDF error: format error: No common ancestor in structure tree

{"key": "958ZKTP5", "title": "Intermolecular Carbon–Carbon Naphthalene Coupling Involves a Radical Mechanism Driven by Cytochrome P450 in <i>Alternaria alternata</i>", "time": "2026-10-07 02:02:19", "status": "blocked", "stage": "structure-validation", "error": "figure-placeholder-mismatch:Figure 1"}
{"key": "CJLL84RR", "title": "Diverse 4,5-<i>seco</i>-20(10→5)-<i>abeo</i>-abietane diterpenoids with potential anti-platelet aggregation activity from <i>salvia prionitis</i>", "time": "2026-10-07 01:58:12", "status": "published-model-crosschecked", "note": "C:\\Software\\Data\\05-Obsidian\\SynBioPath\\00. 文献笔记待归类\\2026-10 全库解读\\2026 Tetrahedron 鼠尾草中新颖松香烷型二萜与抗血小板活性.md", "figures": 11, "images": 11, "paper_type": "research"}
{"key": "5E6NK67Z", "title": "O-methyltransferase CbzMT catalyzes iterative 3,4-dimethylations for carbazomycin biosynthesis", "time": "2026-10-07 02:07:30", "status": "already-published-this-run", "note": "C:\\Software\\Data\\05-Obsidian\\SynBioPath\\00. 文献笔记待归类\\2026-10 全库解读\\2024 Eng. Microbiol. CbzMT 催化咔唑霉素迭代式 3,4-二甲基化.md"}
{"key": "CBLPYNK2", "title": "Functional heterologous expression of the reversible <i>cu</i>-decarboxylase from the lichen, <i>cladonia uncialis</i>", "time": "2026-10-07 02:07:30", "status": "already-published-this-run", "note": "C:\\Software\\Data\\05-Obsidian\\SynBioPath\\00. 文献笔记待归类\\2026-10 全库解读\\2025 Eng. Microbiol. 地衣可逆Cu-脱羧酶异源表达.md"}
{"key": "8X4J2HA7", "title": "Genome-guided discovery of tropansamycins: Antimicrobial pentaketide ansamycins", "time": "2026-10-07 02:07:30", "status": "already-published-this-run", "note": "C:\\Software\\Data\\05-Obsidian\\SynBioPath\\00. 文献笔记待归类\\2026-10 全库解读\\2026 Eng. Microbiol. tropansamycin 五酮安莎霉素的基因组挖掘与生物合成.md"}
{"key": "J49364HQ", "title": "Genome Mining of Deep-Sea Cold Seep-Derived Fungus Reveals a Laccase–Fasciclin System Modulating Regioselective Naphthopyranone Dimerization", "time": "2026-10-07 01:58:11", "status": "published-model-crosschecked", "note": "C:\\Software\\Data\\05-Obsidian\\SynBioPath\\00. 文献笔记待归类\\2026-10 全库解读\\2026 Int. J. Mol. Sci. 深海冷泉真菌漆酶-成束蛋白系统调控萘并吡喃酮二聚化.md", "figures": 7, "images": 7, "paper_type": "research"}
{"key": "2KQIKT6D", "title": "Synthetic biology identifies the minimal gene set required for paclitaxel biosynthesis in a plant chassis", "time": "2026-10-07 02:08:26", "status": "already-published-this-run", "note": "C:\\Software\\Data\\05-Obsidian\\SynBioPath\\00. 文献笔记待归类\\2026-10 全库解读\\2023 Mol. Plant 紫杉醇途径最小基因集的植物合成生物学鉴定（Zhang et al., Mol. Plant 2023）.md"}
{"key": "TNFD93YX", "title": "Chromosome-level genome of himalayan yew provides insights into the origin and evolution of the paclitaxel biosynthetic pathway", "time": "2026-10-07 02:08:26", "status": "blocked", "stage": "source-based-repair", "error": "'report'"}
{"key": "WG7LTRYN", "title": "Combinatorial metabolic engineering of <i>saccharomyces cerevisiae</i> for improved production of 7-dehydrocholesterol", "time": "2026-10-07 02:06:50", "status": "published-model-crosschecked", "note": "C:\\Software\\Data\\05-Obsidian\\SynBioPath\\00. 文献笔记待归类\\2026-10 全库解读\\2023 Engineering Microbiology 组合代谢工程改造酿酒酵母提高 7-脱氢胆固醇产量.md", "figures": 8, "images": 8, "paper_type": "research"}
{"key": "MK6LVU3Y", "title": "Specificity of the <i>N</i>-benzoyl transferase responsible for the last step of taxol biosynthesis", "time": "2026-10-07 02:16:27", "status": "already-published-this-run", "note": "C:\\Software\\Data\\05-Obsidian\\SynBioPath\\酶工程\\12. 酰基转移酶与酰胺化酶\\2008 Arch Biochem Biophys 紫杉醇生物合成终末N-苯甲酰基转移酶的特异性.md"}
{"key": "4QB7NIP4", "title": "Pathway reprogramming and catalytic network engineering for the production of bioactive aspertetranones from deep-sea <i>aspergillus versicolor</i> ADS-F20", "time": "2026-10-07 02:07:30", "status": "published-model-crosschecked", "note": "C:\\Software\\Data\\05-Obsidian\\SynBioPath\\00. 文献笔记待归类\\2026-10 全库解读\\2026 Eng. Microbiol. Aspertetranone 生物合成与催化网络工程.md", "figures": 6, "images": 6, "paper_type": "research"}
{"key": "DJP6CHFS", "title": "An efficient endogenous type I-E CRISPR-cas genome-editing platform for producing transglutaminase in <i>streptomyces mobaraensis</i>", "time": "2026-10-07 02:03:00", "status": "published-model-crosschecked", "note": "C:\\Software\\Data\\05-Obsidian\\SynBioPath\\00. 文献笔记待归类\\2026-10 全库解读\\2026 Eng. Microbiol. 内源I-E型CRISPR编辑平台提升TGase生产.md", "figures": 4, "images": 4, "paper_type": "research"}
MuPDF error: format error: No common ancestor in structure tree

MuPDF error: format error: No common ancestor in structure tree

MuPDF error: format error: No common ancestor in structure tree

MuPDF error: format error: No common ancestor in structure tree

MuPDF error: format error: No common ancestor in structure tree

MuPDF error: format error: No common ancestor in structure tree

MuPDF error: format error: No common ancestor in structure tree

MuPDF error: format error: No common ancestor in structure tree

MuPDF error: format error: No common ancestor in structure tree

MuPDF error: format error: No common ancestor in structure tree

{"key": "UNKG6EPK", "title": "A very deep graph convolutional network for 13C NMR chemical shift calculations with density functional theory level performance for structure assignment", "time": "2026-10-07 02:16:38", "status": "published-model-crosschecked", "note": "C:\\Software\\Data\\05-Obsidian\\SynBioPath\\00. 文献笔记待归类\\2026-10 全库解读\\2024 J. Nat. Prod. 极深GCN用于13C_NMR计算.md", "figures": 11, "images": 11, "paper_type": "research"}
MuPDF error: format error: No common ancestor in structure tree

MuPDF error: format error: No common ancestor in structure tree

MuPDF error: format error: No common ancestor in structure tree

MuPDF error: format error: No common ancestor in structure tree

MuPDF error: format error: No common ancestor in structure tree

MuPDF error: format error: No common ancestor in structure tree

MuPDF error: format error: No common ancestor in structure tree

MuPDF error: format error: No common ancestor in structure tree

MuPDF error: format error: No common ancestor in structure tree

MuPDF error: format error: No common ancestor in structure tree

{"key": "AXJDX6X3", "title": "Antiglioma natural products from the marine-associated fungus penicillium sp. ZZ1750", "time": "2026-10-07 02:24:48", "status": "published-model-crosschecked", "note": "C:\\Software\\Data\\05-Obsidian\\SynBioPath\\00. 文献笔记待归类\\2026-10 全库解读\\2022 Molecules 海洋青霉 ZZ1750 抗胶质瘤天然产物.md", "figures": 13, "images": 13, "paper_type": "research"}
{"key": "DLT4KLQH", "title": "Taxol: Biosynthesis, molecular genetics, and biotechnological applications", "time": "2026-10-07 02:16:27", "status": "published-model-crosschecked", "note": "C:\\Software\\Data\\05-Obsidian\\SynBioPath\\00. 文献笔记待归类\\2026-10 全库解读\\2001 Appl Microbiol Biotechnol 紫杉醇的生物合成与生物技术应用.md", "figures": 5, "images": 5, "paper_type": "review"}
{"key": "ANV2VH9A", "title": "Microbial production of the plant-derived fungicide physcion", "time": "2026-10-07 02:30:07", "status": "already-published-this-run", "note": "C:\\Software\\Data\\05-Obsidian\\SynBioPath\\00. 文献笔记待归类\\2026-10 全库解读\\2022 Metab. Eng. 微生物生产大黄素甲醚细胞工厂构建.md"}
{"key": "THKTDABE", "title": "Collaborative Biosynthesis of Maleimide- and Succinimide-Containing Natural Products by Fungal Polyketide Megasynthases", "time": "2026-10-07 02:30:07", "status": "already-published-this-run", "note": "C:\\Software\\Data\\05-Obsidian\\SynBioPath\\00. 文献笔记待归类\\2026-10 全库解读\\2017 JACS 真菌 IPKS 与 PKS-NRPS 协作合成 oxaleimides.md"}
{"key": "4RQ9YR8Y", "title": "Steroidal saponins from <i>paris polyphylla</i> var. <i>yunnanensis</i> and their application in antibacterial preservation", "time": "2026-10-07 02:19:16", "status": "published-model-crosschecked", "note": "C:\\Software\\Data\\05-Obsidian\\SynBioPath\\00. 文献笔记待归类\\2026-10 全库解读\\2026 Tetrahedron 云南重楼甾体皂苷分离、结构鉴定与抑菌活性.md", "figures": 12, "images": 12, "paper_type": "research"}
{"key": "3HL575XD", "title": "Natural and engineered production of taxadiene with taxadiene synthase", "time": "2026-10-07 02:15:29", "status": "published-model-crosschecked", "note": "C:\\Software\\Data\\05-Obsidian\\SynBioPath\\00. 文献笔记待归类\\2026-10 全库解读\\2015 Biotechnol. Bioeng. 紫杉二烯合酶：天然与工程化生产综述.md", "figures": 4, "images": 4, "paper_type": "review"}
{"key": "39INRW93", "title": "Caryophyllene sesquiterpenes from the marine-derived fungus ascotricha sp. ZJ-M‑5 by the one strain–many compounds strategy", "time": "2026-10-07 02:30:07", "status": "blocked", "stage": "source-based-repair", "error": "report-too-short"}
{"key": "CTJPEHPH", "title": "Exploring structural diversity of microbe secondary metabolites using OSMAC strategy: A literature review", "time": "2026-10-07 02:31:29", "status": "blocked", "stage": "structure-validation", "error": "invalid-or-duplicate-figure-label"}
{"key": "M8D2EG5M", "title": "Verrucosidin derivatives from the deep sea cold-seep-derived fungus penicillium polonicum CS-252", "time": "2026-10-07 02:35:58", "status": "already-published-this-run", "note": "C:\\Software\\Data\\05-Obsidian\\SynBioPath\\00. 文献笔记待归类\\2026-10 全库解读\\2022 Int. J. Mol. Sci. 深海真菌 P. polonicum CS-252 中的疣孢菌素衍生物.md"}
{"key": "2DFKDGV9", "title": "Phenylhydrazone and quinazoline derivatives from the cold-seep-derived fungus penicillium oxalicum", "time": "2026-10-07 02:35:59", "status": "published-model-crosschecked", "note": "C:\\Software\\Data\\05-Obsidian\\SynBioPath\\00. 文献笔记待归类\\2026-10 全库解读\\2021 Mar. Drugs 冷泉真菌P. oxalicum的苯腙和喹唑啉新化合物.md", "figures": 8, "images": 8, "paper_type": "research"}
